
> ai-healthcare@0.0.0 build
> tsc -b && vite build

src/App.tsx(5,26): error TS1484: 'Analysis' is a type and must be imported using a type-only import when 'verbatimModuleSyntax' is enabled.
src/App.tsx(19,26): error TS6133: 'text' is declared but its value is never read.
src/components/AnalysisResult.tsx(2,18): error TS6133: 'AnimatePresence' is declared but its value is never read.
src/components/AnalysisResult.tsx(35,9): error TS6133: 'riskStyles' is declared but its value is never read.
